.next/dev/types/validator.ts(125,39): error TS2307: Cannot find module '../../../src/app/admin/(protected)/content-intelligence/page.js' or its corresponding type declarations.
.next/dev/types/validator.ts(161,39): error TS2307: Cannot find module '../../../src/app/admin/(protected)/conversions/page.js' or its corresponding type declarations.
.next/dev/types/validator.ts(179,39): error TS2307: Cannot find module '../../../src/app/admin/(protected)/journeys/page.js' or its corresponding type declarations.
.next/dev/types/validator.ts(197,39): error TS2307: Cannot find module '../../../src/app/admin/(protected)/tracks/page.js' or its corresponding type declarations.
.next/types/validator.ts(125,39): error TS2307: Cannot find module '../../src/app/admin/(protected)/content-intelligence/page.js' or its corresponding type declarations.
.next/types/validator.ts(161,39): error TS2307: Cannot find module '../../src/app/admin/(protected)/conversions/page.js' or its corresponding type declarations.
.next/types/validator.ts(179,39): error TS2307: Cannot find module '../../src/app/admin/(protected)/journeys/page.js' or its corresponding type declarations.
.next/types/validator.ts(197,39): error TS2307: Cannot find module '../../src/app/admin/(protected)/tracks/page.js' or its corresponding type declarations.
src/app/(public)/collections/[slug]/page.tsx(10,31): error TS2305: Module '"@/lib/data/content"' has no exported member 'getPrimaryConsultCta'.
src/app/(public)/contents/page.tsx(9,29): error TS2305: Module '"@/lib/data/content"' has no exported member 'getPrimaryConsultCta'.
src/app/(public)/contents/page.tsx(43,27): error TS7006: Parameter 'content' implicitly has an 'any' type.
src/app/(public)/grades/[grade]/page.tsx(9,30): error TS2305: Module '"@/lib/data/content"' has no exported member 'getPrimaryConsultCta'.
src/app/(public)/grades/[grade]/page.tsx(46,27): error TS7006: Parameter 'content' implicitly has an 'any' type.
src/app/(public)/layout.tsx(4,28): error TS2305: Module '"@/lib/data/content"' has no exported member 'getPrimaryConsultCta'.
src/app/(public)/page.tsx(14,3): error TS2305: Module '"@/lib/data/content"' has no exported member 'getPrimaryConsultCta'.
src/app/(public)/page.tsx(39,25): error TS7006: Parameter 'collection' implicitly has an 'any' type.
src/app/(public)/page.tsx(39,37): error TS7006: Parameter 'index' implicitly has an 'any' type.
src/app/(public)/search/page.tsx(10,10): error TS2305: Module '"@/lib/data/content"' has no exported member 'getPrimaryConsultCta'.
src/app/(public)/search/page.tsx(95,27): error TS7006: Parameter 'content' implicitly has an 'any' type.
src/app/(public)/search/page.tsx(107,30): error TS7006: Parameter 'content' implicitly has an 'any' type.
src/app/admin/(protected)/banners/page.tsx(4,41): error TS2724: '"@/lib/data/admin"' has no exported member named 'getAdminTracks'. Did you mean 'getAdminCtas'?
src/app/admin/(protected)/collections/page.tsx(28,37): error TS2339: Property 'contributingSessions' does not exist on type 'CollectionItem'.
src/app/admin/(protected)/collections/page.tsx(28,84): error TS2339: Property 'assistedSessions' does not exist on type 'CollectionItem'.
src/app/admin/(protected)/contents/new/page.tsx(2,24): error TS2724: '"@/lib/data/admin"' has no exported member named 'getAdminTracks'. Did you mean 'getAdminCtas'?
src/app/api/admin/analytics/daily/route.ts(2,10): error TS2305: Module '"@/lib/data/admin"' has no exported member 'buildAdminDailyMetricsCsv'.
src/app/api/admin/analytics/daily/route.ts(2,37): error TS2305: Module '"@/lib/data/admin"' has no exported member 'getAdminDailyMetrics'.
src/app/api/events/route.ts(4,15): error TS2305: Module '"@/types/analytics"' has no exported member 'AnalyticsEventRecord'.
src/app/api/events/route.ts(4,37): error TS2724: '"@/types/analytics"' has no exported member named 'AnalyticsEventType'. Did you mean 'AnalyticEvent'?
src/app/r/[code]/route.ts(9,10): error TS2305: Module '"@/lib/data/content"' has no exported member 'getConversionTargetByCode'.
src/components/admin/AdminLineChart.tsx(1,15): error TS2305: Module '"@/types/admin"' has no exported member 'AdminTrendPoint'.
src/components/admin/ContentEditorForm.tsx(24,13): error TS2304: Cannot find name 'ContentItem'.
src/components/analytics/EventLogger.tsx(5,15): error TS2305: Module '"@/types/analytics"' has no exported member 'AnalyticsEventPayload'.
src/components/analytics/TrackedExternalLink.tsx(6,15): error TS2305: Module '"@/types/analytics"' has no exported member 'AnalyticsEventPayload'.
src/components/analytics/TrackedInternalLink.tsx(5,15): error TS2305: Module '"@/types/analytics"' has no exported member 'AnalyticsEventPayload'.
src/components/layout/SiteFooter.tsx(98,54): error TS2339: Property 'redirectCode' does not exist on type 'Cta'.
src/components/layout/SiteFooter.tsx(99,48): error TS2339: Property 'type' does not exist on type 'Cta'.
src/components/layout/SiteFooter.tsx(103,41): error TS2339: Property 'trackId' does not exist on type 'Cta'.
src/components/layout/SiteHeader.tsx(261,50): error TS2339: Property 'redirectCode' does not exist on type 'Cta'.
src/components/layout/SiteHeader.tsx(262,44): error TS2339: Property 'type' does not exist on type 'Cta'.
src/components/layout/SiteHeader.tsx(266,37): error TS2339: Property 'trackId' does not exist on type 'Cta'.
src/components/layout/SiteHeader.tsx(315,54): error TS2339: Property 'redirectCode' does not exist on type 'Cta'.
src/components/layout/SiteHeader.tsx(316,48): error TS2339: Property 'type' does not exist on type 'Cta'.
src/components/layout/SiteHeader.tsx(320,41): error TS2339: Property 'trackId' does not exist on type 'Cta'.
src/components/layout/TopPromoBanner.tsx(15,70): error TS2345: Argument of type 'BannerItem' is not assignable to parameter of type 'BannerCopySource'.
  Property 'conversionTarget' is missing in type 'BannerItem' but required in type 'BannerCopySource'.
src/components/layout/TopPromoBanner.tsx(23,31): error TS2339: Property 'conversionTarget' does not exist on type 'BannerItem'.
src/components/layout/TopPromoBanner.tsx(27,40): error TS2339: Property 'conversionTarget' does not exist on type 'BannerItem'.
src/components/layout/TopPromoBanner.tsx(28,42): error TS2339: Property 'conversionTarget' does not exist on type 'BannerItem'.
src/components/layout/TopPromoBanner.tsx(29,36): error TS2339: Property 'conversionTarget' does not exist on type 'BannerItem'.
src/components/layout/TopPromoBanner.tsx(30,29): error TS2339: Property 'trackId' does not exist on type 'BannerItem'.
src/components/sections/EventBannerSection.tsx(28,51): error TS2345: Argument of type 'BannerItem' is not assignable to parameter of type 'BannerCopySource'.
  Property 'conversionTarget' is missing in type 'BannerItem' but required in type 'BannerCopySource'.
src/components/sections/HeroSection.tsx(2,10): error TS2300: Duplicate identifier 'ContentImpressionTracker'.
src/components/sections/HeroSection.tsx(3,10): error TS2300: Duplicate identifier 'ContentImpressionTracker'.
src/constants/taxonomy.ts(1,22): error TS2305: Module '"@/types/content"' has no exported member 'ProgramTrackSlug'.
src/lib/analytics/attribution.ts(1,15): error TS2724: '"@/types/analytics"' has no exported member named 'AnalyticsEventType'. Did you mean 'AnalyticEvent'?
src/lib/analytics/tracker.ts(16,15): error TS2305: Module '"@/types/analytics"' has no exported member 'AnalyticsEventPayload'.
src/lib/analytics/tracker.ts(16,38): error TS2305: Module '"@/types/analytics"' has no exported member 'AnalyticsEventRecord'.
src/lib/utils/banner-copy.ts(2,27): error TS2305: Module '"@/types/content"' has no exported member 'ConversionTargetType'.
src/lib/utils/banner-copy.ts(9,42): error TS2344: Type '"title" | "conversionTarget" | "startsAt"' does not satisfy the constraint 'keyof BannerItem'.
  Type '"conversionTarget"' is not assignable to type 'keyof BannerItem'.
src/lib/utils/banner-copy.ts(65,16): error TS2339: Property 'type' does not exist on type '{}'.
src/lib/utils/banner-copy.ts(72,44): error TS2339: Property 'type' does not exist on type '{}'.
src/lib/utils/banner-copy.ts(75,19): error TS2339: Property 'label' does not exist on type '{}'.
src/lib/utils/banner-copy.ts(76,25): error TS2339: Property 'description' does not exist on type '{}'.
